../Core/Src/main.c:87:5:main	8	static
../Core/Src/main.c:153:6:SystemClock_Config	88	static
../Core/Src/main.c:200:13:MX_TIM1_Init	96	static
../Core/Src/main.c:275:13:MX_TIM2_Init	56	static
../Core/Src/main.c:324:13:MX_TIM3_Init	64	static
../Core/Src/main.c:383:13:MX_USART2_UART_Init	8	static
../Core/Src/main.c:416:13:MX_GPIO_Init	48	static
../Core/Src/main.c:445:6:PIDCalculate	4	static
../Core/Src/main.c:452:6:MotorDrive	4	static
../Core/Src/main.c:476:6:Error_Handler	4	static,ignoring_inline_asm
